- id: apps/v1:Deployment:nginx
  type: Kubernetes
  attributes:
    apiVersion: apps/v1
    kind: Deployment
    metadata:
        labels:
            app: nginx
        name: nginx
    spec:
        replicas: 3
        selector:
            matchLabels:
                app: nginx
        template:
            metadata:
                labels:
                    app: nginx
            spec:
                containers:
                    - image: nginx:1.14.2
                      name: nginx
                      ports:
                        - containerPort: 80
